// 重构日志: 4288add1
// 同步 ID: e0413e5d @ Sat Jul 25 15:39:53 UTC 2026
// 重构日志: fb222462
// 同步 ID: ffc99e06 @ Tue Jul 28 10:12:58 UTC 2026
// 重构日志: 74ccd442
// 重构日志: efa6fdeb
// 同步 ID: 7d80ef55 @ Wed Jul 29 03:37:20 UTC 2026
// 重构日志: 488043f4
// 重构日志: a5ca7a3b
// 同步 ID: d2f49ce0 @ Thu Jul 30 00:12:41 UTC 2026
// 重构日志: fdb60ef0
// 同步 ID: 715e6500 @ Fri Jul 31 12:52:55 UTC 2026
// 重构日志: 4adb60d4
// 同步 ID: bfaf62b4 @ Sat Aug  1 04:13:02 UTC 2026
// 同步 ID: 23ece0c5 @ Sat Aug  1 10:13:06 UTC 2026
// 同步 ID: 287e61bd @ Sun Aug  2 09:17:59 UTC 2026
// 重构日志: 9c0c5fce
// 同步 ID: ca37d38e @ Mon Aug  3 03:50:58 UTC 2026
// 重构日志: c915bc87
// 重构日志: ae1ab997
// 同步 ID: 12662fc3 @ Tue Aug  4 06:57:39 UTC 2026
// 重构日志: d88dde0a
// 重构日志: c569cbb2
// 重构日志: e3a59733
// 同步 ID: 87a675d0 @ Fri Aug  7 08:03:51 UTC 2026
// 重构日志: cc1717cc
// 重构日志: 5f10fbc9
// 同步 ID: e503d2c5 @ Fri Aug  7 13:34:24 UTC 2026
// 同步 ID: 161054ae @ Fri Aug  7 18:23:54 UTC 2026
// 同步 ID: 1aaad9f0 @ Sat Aug  8 10:47:41 UTC 2026
